16:45:08.206 [main] DEBUG org.apache.poi.ooxml.POIXMLFactory - using default POIXMLDocumentPart for http://schemas.openxmlformats.org/officeDocument/2006/relationships/printerSettings
16:45:08.271 [main] DEBUG org.apache.poi.openxml4j.opc.PackageRelationshipCollection - Parsing relationship: /xl/_rels/workbook.xml.rels
16:45:08.274 [main] DEBUG org.apache.poi.openxml4j.opc.PackageRelationshipCollection - Parsing relationship: /xl/worksheets/_rels/sheet1.xml.rels
16:45:08.279 [main] DEBUG org.apache.poi.openxml4j.opc.PackageRelationshipCollection - Parsing relationship: /_rels/.rels
16:45:08.289 [main] DEBUG org.apache.poi.ooxml.POIXMLFactory - using default POIXMLDocumentPart for http://schemas.openxmlformats.org/officeDocument/2006/relationships/printerSettings
16:45:08.302 [main] DEBUG org.apache.poi.openxml4j.opc.PackageRelationshipCollection - Parsing relationship: /xl/_rels/workbook.xml.rels
16:45:08.302 [main] DEBUG org.apache.poi.openxml4j.opc.PackageRelationshipCollection - Parsing relationship: /xl/worksheets/_rels/sheet1.xml.rels
16:45:08.303 [main] DEBUG org.apache.poi.openxml4j.opc.PackageRelationshipCollection - Parsing relationship: /_rels/.rels
16:45:08.315 [main] DEBUG org.apache.poi.ooxml.POIXMLFactory - using default POIXMLDocumentPart for http://schemas.openxmlformats.org/officeDocument/2006/relationships/printerSettings
16:45:08.329 [main] DEBUG org.apache.poi.openxml4j.opc.PackageRelationshipCollection - Parsing relationship: /xl/_rels/workbook.xml.rels
16:45:08.331 [main] DEBUG org.apache.poi.openxml4j.opc.PackageRelationshipCollection - Parsing relationship: /xl/worksheets/_rels/sheet1.xml.rels
16:45:08.332 [main] DEBUG org.apache.poi.openxml4j.opc.PackageRelationshipCollection - Parsing relationship: /_rels/.rels
16:45:08.345 [main] DEBUG org.apache.poi.ooxml.POIXMLFactory - using default POIXMLDocumentPart for http://schemas.openxmlformats.org/officeDocument/2006/relationships/printerSettings
16:45:08.377 [main] DEBUG org.apache.poi.openxml4j.opc.PackageRelationshipCollection - Parsing relationship: /xl/_rels/workbook.xml.rels
16:45:08.379 [main] DEBUG org.apache.poi.openxml4j.opc.PackageRelationshipCollection - Parsing relationship: /xl/worksheets/_rels/sheet1.xml.rels
16:45:08.382 [main] DEBUG org.apache.poi.openxml4j.opc.PackageRelationshipCollection - Parsing relationship: /_rels/.rels
16:45:08.397 [main] DEBUG org.apache.poi.ooxml.POIXMLFactory - using default POIXMLDocumentPart for http://schemas.openxmlformats.org/officeDocument/2006/relationships/printerSettings
16:45:08.418 [main] DEBUG org.apache.poi.openxml4j.opc.PackageRelationshipCollection - Parsing relationship: /xl/_rels/workbook.xml.rels
16:45:08.420 [main] DEBUG org.apache.poi.openxml4j.opc.PackageRelationshipCollection - Parsing relationship: /xl/worksheets/_rels/sheet1.xml.rels
16:45:08.425 [main] DEBUG org.apache.poi.openxml4j.opc.PackageRelationshipCollection - Parsing relationship: /_rels/.rels
16:45:08.437 [main] DEBUG org.apache.poi.ooxml.POIXMLFactory - using default POIXMLDocumentPart for http://schemas.openxmlformats.org/officeDocument/2006/relationships/printerSettings
16:45:08.454 [main] DEBUG org.apache.poi.openxml4j.opc.PackageRelationshipCollection - Parsing relationship: /xl/_rels/workbook.xml.rels
16:45:08.457 [main] DEBUG org.apache.poi.openxml4j.opc.PackageRelationshipCollection - Parsing relationship: /xl/worksheets/_rels/sheet1.xml.rels
16:45:08.459 [main] DEBUG org.apache.poi.openxml4j.opc.PackageRelationshipCollection - Parsing relationship: /_rels/.rels
16:45:08.470 [main] DEBUG org.apache.poi.ooxml.POIXMLFactory - using default POIXMLDocumentPart for http://schemas.openxmlformats.org/officeDocument/2006/relationships/printerSettings
16:45:08.505 [main] INFO  testCases.TC003_LoginDDT - ***Stating TC_03_LoginDDT***
16:45:16.518 [main] INFO  testCases.TC003_LoginDDT - ***Finished TC_03_LoginDDT***
16:45:16.582 [main] INFO  testCases.TC003_LoginDDT - ***Stating TC_03_LoginDDT***
16:45:26.042 [main] INFO  testCases.TC003_LoginDDT - ***Finished TC_03_LoginDDT***
16:45:26.049 [main] INFO  testCases.TC003_LoginDDT - ***Stating TC_03_LoginDDT***
16:45:42.918 [main] INFO  testCases.TC003_LoginDDT - ***Finished TC_03_LoginDDT***
16:45:42.923 [main] INFO  testCases.TC003_LoginDDT - ***Stating TC_03_LoginDDT***
16:45:59.649 [main] INFO  testCases.TC003_LoginDDT - ***Finished TC_03_LoginDDT***
16:45:59.656 [main] INFO  testCases.TC003_LoginDDT - ***Stating TC_03_LoginDDT***
16:46:16.431 [main] INFO  testCases.TC003_LoginDDT - ***Finished TC_03_LoginDDT***
17:12:39.491 [main] DEBUG org.testng.TestNG - suiteXmlPath: "E:\Eclipse Workspace\Selenium Webdriver\OpencartV01\grid-docker.xml"
17:12:39.949 [main] INFO  org.testng.internal.Utils - [TestNG] Running:
  E:\Eclipse Workspace\Selenium Webdriver\OpencartV01\grid-docker.xml

17:12:55.687 [main] INFO  testCases.TC001_AccountRegistrationTest - ***Starting Test case 1***
17:12:56.812 [main] INFO  testCases.TC001_AccountRegistrationTest - Clicked on MyAccount Link...
