14:22:25.644 [main] DEBUG testCases.TC001_AccountRegistrationTest - Debug logs...
14:23:45.985 [main] DEBUG org.testng.TestNG - suiteXmlPath: "E:\Eclipse Workspace\Selenium Webdriver\OpencartV01\crossbrowsertesting.xml"
14:23:46.246 [main] INFO  org.testng.internal.Utils - [TestNG] Running:
  E:\Eclipse Workspace\Selenium Webdriver\OpencartV01\crossbrowsertesting.xml

14:23:50.805 [main] INFO  testCases.TC001_AccountRegistrationTest - ***Starting Test case 1***
14:23:51.935 [main] INFO  testCases.TC001_AccountRegistrationTest - Clicked on MyAccount Link...
14:23:51.945 [main] INFO  testCases.TC001_AccountRegistrationTest - Providing customer details...
14:23:54.588 [main] INFO  testCases.TC001_AccountRegistrationTest - Validating expected message...
14:23:54.676 [main] INFO  testCases.TC001_AccountRegistrationTest - ***Finished Test case 1***
14:23:59.775 [main] INFO  testCases.TC001_AccountRegistrationTest - ***Starting Test case 1***
14:24:01.415 [main] INFO  testCases.TC001_AccountRegistrationTest - Clicked on MyAccount Link...
14:24:01.426 [main] INFO  testCases.TC001_AccountRegistrationTest - Providing customer details...
14:24:04.265 [main] INFO  testCases.TC001_AccountRegistrationTest - Validating expected message...
14:24:04.367 [main] INFO  testCases.TC001_AccountRegistrationTest - ***Finished Test case 1***
14:24:47.376 [main] DEBUG org.testng.TestNG - suiteXmlPath: "E:\Eclipse Workspace\Selenium Webdriver\OpencartV01\crossbrowsertesting.xml"
14:24:47.630 [main] INFO  org.testng.internal.Utils - [TestNG] Running:
  E:\Eclipse Workspace\Selenium Webdriver\OpencartV01\crossbrowsertesting.xml

14:24:52.310 [main] INFO  testCases.TC001_AccountRegistrationTest - ***Starting Test case 1***
14:24:53.315 [main] INFO  testCases.TC001_AccountRegistrationTest - Clicked on MyAccount Link...
14:24:53.326 [main] INFO  testCases.TC001_AccountRegistrationTest - Providing customer details...
14:24:55.812 [main] INFO  testCases.TC001_AccountRegistrationTest - Validating expected message...
14:24:55.916 [main] INFO  testCases.TC001_AccountRegistrationTest - ***Finished Test case 1***
14:25:00.777 [main] INFO  testCases.TC001_AccountRegistrationTest - ***Starting Test case 1***
14:25:03.011 [main] INFO  testCases.TC001_AccountRegistrationTest - Clicked on MyAccount Link...
14:25:03.014 [main] INFO  testCases.TC001_AccountRegistrationTest - Providing customer details...
14:25:07.025 [main] INFO  testCases.TC001_AccountRegistrationTest - Validating expected message...
14:25:07.105 [main] INFO  testCases.TC001_AccountRegistrationTest - ***Finished Test case 1***
14:25:58.160 [main] DEBUG org.testng.TestNG - suiteXmlPath: "E:\Eclipse Workspace\Selenium Webdriver\OpencartV01\master.xml"
14:25:58.429 [main] INFO  org.testng.internal.Utils - [TestNG] Running:
  E:\Eclipse Workspace\Selenium Webdriver\OpencartV01\master.xml

14:26:03.297 [main] INFO  testCases.TC001_AccountRegistrationTest - ***Starting Test case 1***
14:26:04.472 [main] INFO  testCases.TC001_AccountRegistrationTest - Clicked on MyAccount Link...
14:26:04.486 [main] INFO  testCases.TC001_AccountRegistrationTest - Providing customer details...
14:26:07.287 [main] INFO  testCases.TC001_AccountRegistrationTest - Validating expected message...
14:26:07.388 [main] INFO  testCases.TC001_AccountRegistrationTest - ***Finished Test case 1***
14:27:39.754 [main] DEBUG org.testng.TestNG - suiteXmlPath: "E:\Eclipse Workspace\Selenium Webdriver\OpencartV01\master.xml"
14:27:40.046 [main] INFO  org.testng.internal.Utils - [TestNG] Running:
  E:\Eclipse Workspace\Selenium Webdriver\OpencartV01\master.xml

14:27:44.613 [main] INFO  testCases.TC001_AccountRegistrationTest - ***Starting Test case 1***
14:27:45.717 [main] INFO  testCases.TC001_AccountRegistrationTest - Clicked on MyAccount Link...
14:27:45.729 [main] INFO  testCases.TC001_AccountRegistrationTest - Providing customer details...
14:27:48.422 [main] INFO  testCases.TC001_AccountRegistrationTest - Validating expected message...
14:27:57.178 [main] INFO  testCases.TC001_AccountRegistrationTest - ***Finished Test case 1***
14:29:15.287 [main] DEBUG org.testng.TestNG - suiteXmlPath: "E:\Eclipse Workspace\Selenium Webdriver\OpencartV01\crossbrowsertesting.xml"
14:29:15.541 [main] INFO  org.testng.internal.Utils - [TestNG] Running:
  E:\Eclipse Workspace\Selenium Webdriver\OpencartV01\crossbrowsertesting.xml

14:29:20.654 [TestNG-tests-1] INFO  testCases.TC001_AccountRegistrationTest - ***Starting Test case 1***
14:29:21.529 [TestNG-tests-2] INFO  testCases.TC001_AccountRegistrationTest - ***Starting Test case 1***
14:29:22.285 [TestNG-tests-1] INFO  testCases.TC001_AccountRegistrationTest - Clicked on MyAccount Link...
14:29:22.291 [TestNG-tests-1] INFO  testCases.TC001_AccountRegistrationTest - Providing customer details...
14:29:23.052 [TestNG-tests-2] INFO  testCases.TC001_AccountRegistrationTest - Clicked on MyAccount Link...
14:29:23.054 [TestNG-tests-2] INFO  testCases.TC001_AccountRegistrationTest - Providing customer details...
