15:55:31.446 [main] DEBUG org.apache.poi.openxml4j.opc.PackageRelationshipCollection - Parsing relationship: /xl/_rels/workbook.xml.rels
15:55:31.451 [main] DEBUG org.apache.poi.openxml4j.opc.PackageRelationshipCollection - Parsing relationship: /xl/worksheets/_rels/sheet1.xml.rels
15:55:31.453 [main] DEBUG org.apache.poi.openxml4j.opc.PackageRelationshipCollection - Parsing relationship: /_rels/.rels
15:55:31.459 [main] DEBUG org.apache.poi.ooxml.POIXMLFactory - using default POIXMLDocumentPart for http://schemas.openxmlformats.org/officeDocument/2006/relationships/printerSettings
15:55:31.469 [main] DEBUG org.apache.poi.openxml4j.opc.PackageRelationshipCollection - Parsing relationship: /xl/_rels/workbook.xml.rels
15:55:31.471 [main] DEBUG org.apache.poi.openxml4j.opc.PackageRelationshipCollection - Parsing relationship: /xl/worksheets/_rels/sheet1.xml.rels
15:55:31.471 [main] DEBUG org.apache.poi.openxml4j.opc.PackageRelationshipCollection - Parsing relationship: /_rels/.rels
15:55:31.477 [main] DEBUG org.apache.poi.ooxml.POIXMLFactory - using default POIXMLDocumentPart for http://schemas.openxmlformats.org/officeDocument/2006/relationships/printerSettings
15:55:31.486 [main] DEBUG org.apache.poi.openxml4j.opc.PackageRelationshipCollection - Parsing relationship: /xl/_rels/workbook.xml.rels
15:55:31.488 [main] DEBUG org.apache.poi.openxml4j.opc.PackageRelationshipCollection - Parsing relationship: /xl/worksheets/_rels/sheet1.xml.rels
15:55:31.488 [main] DEBUG org.apache.poi.openxml4j.opc.PackageRelationshipCollection - Parsing relationship: /_rels/.rels
15:55:31.496 [main] DEBUG org.apache.poi.ooxml.POIXMLFactory - using default POIXMLDocumentPart for http://schemas.openxmlformats.org/officeDocument/2006/relationships/printerSettings
15:55:31.496 [main] DEBUG org.apache.poi.openxml4j.opc.PackageRelationshipCollection - Parsing relationship: /xl/_rels/workbook.xml.rels
15:55:31.496 [main] DEBUG org.apache.poi.openxml4j.opc.PackageRelationshipCollection - Parsing relationship: /xl/worksheets/_rels/sheet1.xml.rels
15:55:31.496 [main] DEBUG org.apache.poi.openxml4j.opc.PackageRelationshipCollection - Parsing relationship: /_rels/.rels
15:55:31.520 [main] DEBUG org.apache.poi.ooxml.POIXMLFactory - using default POIXMLDocumentPart for http://schemas.openxmlformats.org/officeDocument/2006/relationships/printerSettings
15:55:31.544 [main] INFO  testCases.TC003_LoginDDT - ***Stating TC_03_LoginDDT***
15:55:40.544 [main] INFO  testCases.TC003_LoginDDT - ***Finished TC_03_LoginDDT***
15:55:40.576 [main] INFO  testCases.TC003_LoginDDT - ***Stating TC_03_LoginDDT***
15:55:47.778 [main] INFO  testCases.TC003_LoginDDT - ***Finished TC_03_LoginDDT***
15:55:47.778 [main] INFO  testCases.TC003_LoginDDT - ***Stating TC_03_LoginDDT***
15:56:04.422 [main] INFO  testCases.TC003_LoginDDT - ***Finished TC_03_LoginDDT***
15:56:04.422 [main] INFO  testCases.TC003_LoginDDT - ***Stating TC_03_LoginDDT***
15:56:21.383 [main] INFO  testCases.TC003_LoginDDT - ***Finished TC_03_LoginDDT***
15:56:21.387 [main] INFO  testCases.TC003_LoginDDT - ***Stating TC_03_LoginDDT***
15:56:38.249 [main] INFO  testCases.TC003_LoginDDT - ***Finished TC_03_LoginDDT***
